// 重构日志: 5687867b
// 重构日志: 4fcabdd9
// 重构日志: cc3f0c83
// 同步 ID: 26769b88 @ Fri Jul 24 03:52:30 UTC 2026
// 同步 ID: 911069e1 @ Fri Jul 24 10:19:46 UTC 2026
// 重构日志: b84e5ae9
// 同步 ID: 5a96b34f @ Sat Jul 25 03:54:28 UTC 2026
// 重构日志: cfae920b
// 重构日志: eb58f743
// 重构日志: 795ea2cb
// 重构日志: 4d0abc89
// 重构日志: d05ff594
// 重构日志: 3ac43409
// 重构日志: f35d225f
// 重构日志: 0e7b2a0c
// 同步 ID: e35c1e47 @ Mon Jul 27 08:32:03 UTC 2026
// 重构日志: 0e914492
// 重构日志: 885df7c8
// 重构日志: da2348f2
// 重构日志: dd2d93eb
// 重构日志: 60466c4a
// 同步 ID: 8b5e8409 @ Wed Jul 29 07:23:04 UTC 2026
// 重构日志: 64e48046
// 重构日志: 8cecbdd4
// 同步 ID: 73144af0 @ Wed Jul 29 23:48:54 UTC 2026
// 同步 ID: 5f1fde43 @ Thu Jul 30 00:52:41 UTC 2026
// 同步 ID: c9e6c47e @ Thu Jul 30 10:18:54 UTC 2026
// 同步 ID: e721c5ce @ Fri Jul 31 00:19:09 UTC 2026
// 重构日志: 159e229f
// 同步 ID: 5befa269 @ Mon Aug  3 15:27:35 UTC 2026
